[debug] [2026-01-06T09:53:12.482Z] : 
[debug] [2026-01-06T09:53:12.483Z] : ----------------------------------------------------------------------
[debug] [2026-01-06T09:53:12.483Z] : Command:      C:\Program Files\nodejs\node.exe C:\Users\muham\AppData\Roaming\npm\node_modules\zcatalyst-cli\lib\bin\catalyst.js init
[debug] [2026-01-06T09:53:12.483Z] : CLI Version:  1.22.1
[debug] [2026-01-06T09:53:12.484Z] : Platform:     win32
[debug] [2026-01-06T09:53:12.484Z] : Node Version: v24.11.0
[debug] [2026-01-06T09:53:12.484Z] : Time:         Tue Jan 06 2026 15:23:12 GMT+0530 (India Standard Time)
[debug] [2026-01-06T09:53:12.484Z] : ----------------------------------------------------------------------
[debug] [2026-01-06T09:53:12.484Z] : 
[debug] [2026-01-06T09:53:12.963Z] : > authorizing via signed-in user option
[debug] [2026-01-06T09:53:12.963Z] : > command requires scopes: ["ZohoCatalyst.projects.ALL","ZohoCatalyst.projects.ALL","ZohoCatalyst.project.import.CREATE"]
[info] [2026-01-06T09:53:12.976Z] : 
      ___  
      \  \     ____           _             _                 _   
   ___ \  \   / ___|   __ _  | |_    __ _  | |  _   _   ___  | |_ 
  /  / /  /  | |      / _` | | __|  / _` | | | | | | | / __| | __|
 /  / /__/   | |___  | (_| | | |_  | (_| | | | | |_| | \__ \ | |_ 
 \  \         \____|  \__,_|  \__|  \__,_| |_|  \__, | |___/  \__|
  \__\                                          |___/       

You're about to initialize a Catalyst project in this directory:

  D:\hamthan-d\Smatal\chatbot\backend

Before we get started, keep in mind:

  * You are currently outside your home directory

[debug] [2026-01-06T09:53:12.986Z] : >>>> HTTP REQUEST : GET https://api.catalyst.zoho.in/baas/v1/orgs 

[debug] [2026-01-06T09:53:13.290Z] : <<<< HTTP RESPONSE : 200
Response Headers: {"server":"ZGS","date":"Tue, 06 Jan 2026 09:53:12 GMT","content-type":"application/vnd.catalyst.v2+json","transfer-encoding":"chunked","connection":"keep-alive","x-content-type-options":"nosniff","cache-control":"private,no-cache,no-store,max-age=0,must-revalidate","pragma":"no-cache","expires":"Thu, 01 Jan 1970 00:00:00 GMT","x-frame-options":"DENY","strict-transport-security":"max-age=64072000; includeSubDomains; preload"}

[info] [2026-01-06T09:53:13.302Z] : i Setting up a new default project for this folder

[debug] [2026-01-06T09:53:13.304Z] : >>>> HTTP REQUEST : GET https://api.catalyst.zoho.in/baas/v1/project 

[debug] [2026-01-06T09:53:13.351Z] : <<<< HTTP RESPONSE : 200
Response Headers: {"server":"ZGS","date":"Tue, 06 Jan 2026 09:53:12 GMT","content-type":"application/vnd.catalyst.v2+json","transfer-encoding":"chunked","connection":"keep-alive","x-content-type-options":"nosniff","cache-control":"private,no-cache,no-store,max-age=0,must-revalidate","pragma":"no-cache","expires":"Thu, 01 Jan 1970 00:00:00 GMT","x-frame-options":"DENY","strict-transport-security":"max-age=64072000; includeSubDomains; preload"}

